// Jest Snapshot v1, https://goo.gl/fbAQLP

exports[`tests on <PokemonCardPlaceholder /> should match snapshot 1`] = `
<div>
  <div
    class="col-lg-3 col-md-6 col-sm-9 col-11"
  >
    <div
      class="mt-5 card"
    >
      <div
        class="card-header"
      >
        <div
          class="row"
        >
          <span>
            <span
              class="col-7 placeholder"
            />
          </span>
        </div>
        <span
          class="col-2 placeholder"
        />
      </div>
      <img
        class="card-img"
        src=""
      />
      <div
        class="card-img-overlay"
      >
        <div
          class="centered-spinner position-absolute top-50 start-50 translate-middle"
        >
          <div
            class="spinner-border text-muted"
            role="status"
          >
            <span
              class="visually-hidden"
            >
              Loading...
            </span>
          </div>
        </div>
      </div>
      <div
        class="list-group list-group-flush"
      >
        <div
          class="fs-5 list-group-item"
        >
          <span
            class="col-6 placeholder"
          />
        </div>
        <div
          class="fs-5 list-group-item"
        >
          <span
            class="col-4 placeholder"
          />
        </div>
        <div
          class="fs-5 list-group-item"
        >
          <span
            class="col-5 placeholder"
          />
        </div>
      </div>
    </div>
  </div>
</div>
`;
